0 turning_on_radio ok
1 picking_up_trash ok
2 putting_away_Halloween_decorations ok
3 cleaning_up_plates_and_food ok
4 can_meat ok
5 setting_mousetraps ok
6 hiding_Easter_eggs ok
7 picking_up_toys ok
8 rearranging_kitchen_furniture ok
9 putting_up_Christmas_decorations_inside ok
10 set_up_a_coffee_station_in_your_kitchen ok
11 putting_dishes_away_after_cleaning ok
12 preparing_lunch_box ok
13 loading_the_car ok
14 carrying_in_groceries ok
15 bringing_in_wood ok
16 moving_boxes_to_storage ok
17 bringing_water ok
18 tidying_bedroom ok
19 outfit_a_basic_toolbox ok
20 sorting_vegetables ok
21 collecting_childrens_toys ok
22 putting_shoes_on_rack ok
23 boxing_books_up_for_storage ok
24 storing_food ok
25 clearing_food_from_table_into_fridge ok
26 assembling_gift_baskets ok
27 sorting_household_items ok
28 getting_organized_for_work ok
29 clean_up_your_desk ok
30 setting_the_fire ok
31 clean_boxing_gloves ok
32 wash_a_baseball_cap ok
33 wash_dog_toys ok
34 hanging_pictures ok
35 attach_a_camera_to_a_tripod ok
36 clean_a_patio ok
37 clean_a_trumpet ok
38 spraying_for_bugs ok
39 spraying_fruit_trees ok
40 make_microwave_popcorn ok
41 cook_cabbage ok
42 chop_an_onion ok
43 slicing_vegetables ok
44 chopping_wood ok
45 cook_hot_dogs ok
46 cook_bacon ok
47 freeze_pies ok
48 canning_food ok
49 make_pizza ok
50 freeze_fruit ok
51 cook_a_brisket ok
52 sorting_bottles_cans_and_paper ok
53 tidying_living_room ok
54 putting_away_toys ok
55 re_shelving_library_books ok
56 make_rose_centerpieces ok
57 sweeping_garage ok
58 stacking_wood ok
59 organizing_art_supplies ok
60 scrubbing_bathroom_floor ok
61 bringing_paper_to_recycling ok
62 halve_an_egg ok
63 installing_smoke_detectors ok
64 setting_the_table ok
65 unloading_the_car ok
66 turning_out_all_lights_before_sleep ok
67 boxing_food_after_dinner ok
68 cleaning_up_branches_and_twigs ok
69 vacuuming_floors ok
70 thawing_frozen_food ok
71 clean_your_rusty_garden_tools ok
72 cook_a_frozen_pie ok
73 organizing_school_stuff ok
74 carrying_out_garden_furniture ok
75 put_together_a_basic_pruning_kit ok
76 dispose_of_glass ok
77 installing_a_modem ok
78 make_cabinet_doors ok
79 polishing_shoes ok
80 clean_up_broken_glass ok
81 packing_meal_for_delivery ok
82 store_batteries ok
83 store_honey ok
84 tidying_bathroom ok
85 putting_dirty_dishes_in_sink ok
86 make_gift_bags_for_baby_showers ok
87 collecting_aluminum_cans ok
88 rearrange_your_room ok
89 installing_a_fax_machine ok
90 composting_waste ok
91 store_produce ok
92 installing_a_scanner ok
93 clean_a_keyboard ok
94 dispose_of_batteries ok
95 cook_brussels_sprouts ok
96 cook_broccolini ok
97 setup_a_bar_for_a_cocktail_party ok
98 laying_tile_floors ok
99 sorting_books_on_shelf ok
